c:\users\synm4\dev\server\threadmanager_소스코드 (1)\dummyclient\x64\debug\vc143.pdb
c:\users\synm4\dev\server\threadmanager_소스코드 (1)\dummyclient\x64\debug\vc143.idb
c:\users\synm4\dev\server\threadmanager_소스코드 (1)\dummyclient\x64\debug\pch.obj
c:\users\synm4\dev\server\threadmanager_소스코드 (1)\dummyclient\x64\debug\dummyclient.obj
c:\users\synm4\dev\server\threadmanager_소스코드 (1)\binary\debug\dummyclient.exe
c:\users\synm4\dev\server\threadmanager_소스코드 (1)\binary\debug\dummyclient.pdb
c:\users\synm4\dev\server\threadmanager_소스코드 (1)\dummyclient\x64\debug\dummyclient.ilk
c:\users\synm4\dev\server\server\dummyclient\x64\debug\dummyclient.obj
c:\users\synm4\dev\server\server\dummyclient\x64\debug\pch.obj
c:\users\synm4\dev\server\server\dummyclient\x64\debug\dummyclient.ilk
c:\users\synm4\dev\server\server\dummyclient\x64\debug\vc143.idb
c:\users\synm4\dev\server\server\dummyclient\x64\debug\vc143.pdb
c:\users\synm4\dev\server\server\binary\debug\dummyclient.pdb
c:\users\synm4\dev\server\server\binary\debug\dummyclient.exe
c:\users\synm4\dev\server\server\dummyclient\x64\debug\dummyclient.tlog\cl.command.1.tlog
c:\users\synm4\dev\server\server\dummyclient\x64\debug\dummyclient.tlog\cl.items.tlog
c:\users\synm4\dev\server\server\dummyclient\x64\debug\dummyclient.tlog\cl.read.1.tlog
c:\users\synm4\dev\server\server\dummyclient\x64\debug\dummyclient.tlog\cl.write.1.tlog
c:\users\synm4\dev\server\server\dummyclient\x64\debug\dummyclient.tlog\link.command.1.tlog
c:\users\synm4\dev\server\server\dummyclient\x64\debug\dummyclient.tlog\link.read.1.tlog
c:\users\synm4\dev\server\server\dummyclient\x64\debug\dummyclient.tlog\link.secondary.1.tlog
c:\users\synm4\dev\server\server\dummyclient\x64\debug\dummyclient.tlog\link.write.1.tlog
